PS C:\Users\vitor\OneDrive\Área de Trabalho\Gerência de Configuração> git init - vai inicializar o git 
Reinitialized existing Git repository in C:/Users/vitor/OneDrive/Área de Trabalho/Gerência de Configuração/.git/
PS C:\Users\vitor\OneDrive\Área de Trabalho\Gerência de Configuração> git add teste
fatal: pathspec 'teste' did not match any files
PS C:\Users\vitor\OneDrive\Área de Trabalho\Gerência de Configuração> git status - mostra as branch e os commits que foram feitos
On branch master

No commits yet

Untracked files:
  (use "git add <file>..." to include in what will be committed)
        teste.txt

nothing added to commit but untracked files present (use "git add" to track)
PS C:\Users\vitor\OneDrive\Área de Trabalho\Gerência de Configuração> git add teste.txt . - serve para add um arquivo dentro da branch 
PS C:\Users\vitor\OneDrive\Área de Trabalho\Gerência de Configuração> git stattus
git: 'stattus' is not a git command. See 'git --help'.

The most similar command is
        status
PS C:\Users\vitor\OneDrive\Área de Trabalho\Gerência de Configuração> git status
On branch master - foi adicionado na branch 

No commits yet - nenhum commit ainda foi feito

Changes to be committed:
  (use "git rm --cached <file>..." to unstage)
        new file:   teste.txt

PS C:\Users\vitor\OneDrive\Área de Trabalho\Gerência de Configuração> git commit -m "commit inicial" - serve para realizar um commit na alteração feita
[master (root-commit) 7168770] commit inicial - onde foi feito o commit | nome do commit
 1 file changed, 1 insertion(+)
 create mode 100644 teste.txt
PS C:\Users\vitor\OneDrive\Área de Trabalho\Gerência de Configuração> git push - serve para "puxar" a branch para um repositorio
fatal: No configured push destination.
Either specify the URL from the command-line or configure a remote repository using

    git remote add <name> <url> - comando pra adicionar de forma remota no repositorio com url do repositorio que vai ser colocado

and then push using the remote name

    git push <name>

PS C:\Users\vitor\OneDrive\Área de Trabalho\Gerência de Configuração> git remote add origin https://github.com/Vitorloula/Gerencia-de-Configuracao
PS C:\Users\vitor\OneDrive\Área de Trabalho\Gerência de Configuração> git push
fatal: The current branch master has no upstream branch.
To push the current branch and set the remote as upstream, use

    git push --set-upstream origin master

To have this happen automatically for branches without a tracking
upstream, see 'push.autoSetupRemote' in 'git help config'.

PS C:\Users\vitor\OneDrive\Área de Trabalho\Gerência de Configuração> git push --set-upstream origin master
Enumerating objects: 3, done.
Counting objects: 100% (3/3), done.
Writing objects: 100% (3/3), 235 bytes | 235.00 KiB/s, done.
Total 3 (delta 0), reused 0 (delta 0), pack-reused 0
remote: 
remote: Create a pull request for 'master' on GitHub by visiting:
remote:      https://github.com/Vitorloula/Gerencia-de-Configuracao/pull/new/master
remote:
To https://github.com/Vitorloula/Gerencia-de-Configuracao
 * [new branch]      master -> master
branch 'master' set up to track 'origin/master'.
PS C:\Users\vitor\OneDrive\Área de Trabalho\Gerência de Configuração> git status
On branch master
Your branch is up to date with 'origin/master'.

Changes not staged for commit:
  (use "git add <file>..." to update what will be committed)
  (use "git restore <file>..." to discard changes in working directory)
        modified:   teste.txt

no changes added to commit (use "git add" and/or "git commit -a")
PS C:\Users\vitor\OneDrive\Área de Trabalho\Gerência de Configuração> git add .
PS C:\Users\vitor\OneDrive\Área de Trabalho\Gerência de Configuração> git status
On branch master
Your branch is up to date with 'origin/master'.

Changes to be committed:
  (use "git restore --staged <file>..." to unstage)
        modified:   teste.txt

PS C:\Users\vitor\OneDrive\Área de Trabalho\Gerência de Configuração> git commit -m "nova linha add em teste.txt"
[master 035162e] nova linha add em teste.txt
 1 file changed, 2 insertions(+), 1 deletion(-)
PS C:\Users\vitor\OneDrive\Área de Trabalho\Gerência de Configuração> git push
Enumerating objects: 5, done.
Counting objects: 100% (5/5), done.
Writing objects: 100% (3/3), 293 bytes | 293.00 KiB/s, done.
Total 3 (delta 0), reused 0 (delta 0), pack-reused 0
To https://github.com/Vitorloula/Gerencia-de-Configuracao
   7168770..035162e  master -> master
PS C:\Users\vitor\OneDrive\Área de Trabalho\Gerência de Configuração> git reflog
035162e (HEAD -> master, origin/master) HEAD@{0}: commit: nova linha add em teste.txt
7168770 HEAD@{1}: commit (initial): commit inicial
PS C:\Users\vitor\OneDrive\Área de Trabalho\Gerência de Configuração> git reset --hard 7168770
HEAD is now at 7168770 commit inicial
PS C:\Users\vitor\OneDrive\Área de Trabalho\Gerência de Configuração> git reflog
7168770 (HEAD -> master) HEAD@{0}: reset: moving to 7168770
035162e (origin/master) HEAD@{1}: commit: nova linha add em teste.txt
7168770 (HEAD -> master) HEAD@{2}: commit (initial): commit inicial